alias_containers_not_iterators.cpp:1:31: error: Create type aliases for containers, not iterators
using Foo_t = std::vector<int>::iterator;
                              ^^^^^^^^^^
