null.cpp:1:12: error: Use nullptr in C++ code, not NULL
int* foo = NULL;
           ^^^^
