comment.good.c:1:8: error: Struct name 'foo' should be capitalized
