enum_name.c:1:6: error: Enum name 'foo' should be capitalized
enum_name.c:1:6: error: Enum 'foo' should end with '_e'
