multiple_line_error.c:2:9: error: Comparison to NULL should be avoided
if (foo ==
        ^^
