string.c:1:8: error: Struct name 'foo' should be capitalized
struct foo; // should be flagged
       ^^^
string.c:3:8: error: Struct name 'foo' should be capitalized
struct foo; // should be flagged
       ^^^
