string_constant_array.c:1:15: error: Declare 'foo' as 'const char* const', not 'const char[]'
const char foo[] = "bar";
              ^^
