underscore_define.c:2:1: error: Macro '__FOO__' should not start with an underscore
