unsigned.c:1:1: error: Prohibited type 'unsigned'
unsigned int foo;
^^^^^^^^
